// Jest Snapshot v1, https://goo.gl/fbAQLP

exports[`Query.unconnectedUsers should fetch all users the current user is not chatting with 1`] = `
Object {
  "unconnectedUsers": Array [],
}
`;

exports[`Query.unconnectedUsers should fetch all users the current user is not chatting with 2`] = `
Object {
  "unconnectedUsers": Array [
    Object {
      "id": "1",
      "name": "Ray Edwards",
      "picture": "https://randomuser.me/api/portraits/thumb/lego/1.jpg",
    },
    Object {
      "id": "3",
      "name": "Bryan Wallace",
      "picture": "https://randomuser.me/api/portraits/thumb/men/2.jpg",
    },
    Object {
      "id": "4",
      "name": "Avery Stewart",
      "picture": "https://randomuser.me/api/portraits/thumb/women/1.jpg",
    },
    Object {
      "id": "5",
      "name": "Katie Peterson",
      "picture": "https://randomuser.me/api/portraits/thumb/women/2.jpg",
    },
  ],
}
`;
